lcd.c:26:6:LCD_WR_REG	16	static
lcd.c:41:6:LCD_WR_DATA	16	static
lcd.c:57:6:LCD_WriteReg	16	static
lcd.c:70:6:LCD_WriteRAM_Prepare	8	static
lcd.c:82:6:Lcd_WriteData_16Bit	16	static
lcd.c:99:6:LCD_DrawPoint	16	static
lcd.c:112:6:LCD_Clear	24	static
lcd.c:136:6:LCD_RESET	8	static
lcd.c:151:6:LCD_Init	8	static
lcd.c:265:6:LCD_SetWindows	24	static
lcd.c:290:6:LCD_SetCursor	16	static
lcd.c:305:6:LCD_direction	16	static
lcd.c:337:4:SPI_WriteByte	32	static
lcd.c:351:6:LCD_DrawLine	64	static
lcd.c:393:6:LCD_DrawRectangle	32	static
lcd.c:408:6:LCD_Fill	32	static
lcd.c:430:6:LCD_Draw_Circle	32	static
lcd.c:463:6:LCD_ShowChar	32	static
lcd.c:515:6:LCD_ShowString	48	static
lcd.c:537:6:LCD_ShowPicture	32	static
lcd.c:559:6:LCD_ShowIntVar	40	static
lcd.c:572:6:LCD_ShowFloatVar	40	static
lcd.c:591:6:LCD_ShowChinese	40	static
lcd.c:615:6:LCD_ShowChinese16x16	48	static
lcd.c:668:6:LCD_ShowChinese24x24	48	static
lcd.c:719:6:LCD_ShowChinese32x32	48	static
